Running scsi/006
write through: success or not supported
none: success or not supported
write back: success or not supported
write back, no read (daft): success or not supported
Test complete
